// Vitest Snapshot v1, https://vitest.dev/guide/snapshot.html

exports[`executable Recipe Library Batch 1 registry > records the current Engine truth for every Engine-corrected Owner vector without calling it sensory approval 1`] = `
[
  {
    "batch": 1000,
    "configVersion": "0.7.0",
    "costComplete": false,
    "costPerKg": null,
    "dairyCarrier": 68.2,
    "engineVersion": "0.4.0",
    "fat": 11.6519,
    "ice": 45.9659,
    "id": "fantasy-rocero-v1",
    "lactose": 5.0793,
    "missingCostIds": [
      "PI-ING-001579",
    ],
    "npac": 41.0849,
    "overall": 83.3022,
    "pac": 23.4203,
    "pod": 14.3335,
    "protein": 4.7143,
    "solids": 42.9955,
    "technical": 89.1667,
    "violations": [],
    "water": 57.0045,
  },
  {
    "batch": 1000,
    "configVersion": "0.7.0",
    "costComplete": false,
    "costPerKg": null,
    "dairyCarrier": 68.9,
    "engineVersion": "0.4.0",
    "fat": 11.977,
    "ice": 45.0765,
    "id": "fantasy-raphaello-v1",
    "lactose": 4.5108,
    "missingCostIds": [
      "PI-ING-001512",
    ],
    "npac": 41.9275,
    "overall": 83.9556,
    "pac": 24.1545,
    "pod": 15.1647,
    "protein": 4.0765,
    "solids": 42.3899,
    "technical": 89.1667,
    "violations": [],
    "water": 57.6101,
  },
  {
    "batch": 1000,
    "configVersion": "0.7.0",
    "costComplete": true,
    "costPerKg": 3.6696,
    "dairyCarrier": 68.9,
    "engineVersion": "0.4.0",
    "fat": 11.9855,
    "ice": 45.2692,
    "id": "fantasy-kidi-bueno-v1",
    "lactose": 5.0677,
    "missingCostIds": [],
    "npac": 41.745,
    "overall": 83.298,
    "pac": 23.7972,
    "pod": 15.1278,
    "protein": 4.582,
    "solids": 42.9939,
    "technical": 89.1667,
    "violations": [],
    "water": 57.0061,
  },
  {
    "batch": 1000,
    "configVersion": "0.7.0",
    "costComplete": false,
    "costPerKg": null,
    "dairyCarrier": 77.2,
    "engineVersion": "0.4.0",
    "fat": 6.2425,
    "ice": 50.8552,
    "id": "fantasy-oreyo-v1",
    "lactose": 4.8374,
    "missingCostIds": [
      "PI-ING-001579",
      "PI-ING-001705",
    ],
    "npac": 36.453,
    "overall": 84.6667,
    "pac": 23.291,
    "pod": 13.1321,
    "protein": 4.1775,
    "solids": 36.1066,
    "technical": 97.5,
    "violations": [],
    "water": 63.8934,
  },
  {
    "batch": 1000,
    "configVersion": "0.7.0",
    "costComplete": true,
    "costPerKg": 3.5903,
    "dairyCarrier": 65.6,
    "engineVersion": "0.4.0",
    "fat": 11.3589,
    "ice": 45.2394,
    "id": "fantasy-knickers-v1",
    "lactose": 4.6161,
    "missingCostIds": [],
    "npac": 41.7732,
    "overall": 84.699,
    "pac": 24.0872,
    "pod": 13.679,
    "protein": 5.4155,
    "solids": 42.3381,
    "technical": 88.3333,
    "violations": [],
    "water": 57.6619,
  },
]
`;
